[www.limlondon.com/index.html]
[backblue.gif]
[fade.gif]
[index.html]
[cdn.prod.website-files.com/636e0fdd5df0e013bbf00f38/css/limlondon-website.webflow.18b35c199.min.css]
[ajax.googleapis.com/ajax/libs/webfont/1.6.26/webfont.js]
[cdn.prod.website-files.com/636e0fdd5df0e013bbf00f38/636e0fdd5df0e0db23f00fc1_Fav Icon_new32.png]
[cdn.prod.website-files.com/636e0fdd5df0e013bbf00f38/636e0fdd5df0e04debf00fc2_Fav Icon_new.png]
[connect.facebook.net/en_US/fbevents.js]
[cdn.jsdelivr.net/gh/studio-freight/lenis@0.2.28/bundled/lenis.js]
[cdn.jsdelivr.net/npm/@finsweet/cookie-consent@1/fs-cc.js]
[cdn.jsdelivr.net/npm/swiper/swiper-bundle.min.css]
[www.limlondon.com/course.html]
[www.limlondon.com/about.html]
[www.limlondon.com/blog.html]
[www.limlondon.com/contact-us.html]
[cdn.prod.website-files.com/636e0fdd5df0e013bbf00f38/636e0fdd5df0e0c265f00faf_dylan.gif]
[cdn.prod.website-files.com/636e0fdd5df0e013bbf00f38/636e0fdd5df0e08912f00fb1_students.gif.gif]
[cdn.prod.website-files.com/636e0fdd5df0e013bbf00f38/6373a4e7a6eef2cb78d8e25a_x.png]
[d3e54v103j8qbb.cloudfront.net/js/jquery-3.5.1.min.dc5e7f18c8030e.js]
[cdn.prod.website-files.com/636e0fdd5df0e013bbf00f38/js/webflow.98f9beea3.js]
[cdn.jsdelivr.net/npm/swiper/swiper-bundle.min.js]
[cdn.jsdelivr.net/npm/js-cookie@3.0.1/dist/js.cookie.min.js]
[www.limlondon.com/index.html]
[cdn.prod.website-files.com/636e0fdd5df0e013bbf00f38/css/limlondon-website.webflow.18b35c199.min.css]
[connect.facebook.net/en_US/fbevents.js]
[cdn.jsdelivr.net/npm/swiper/swiper-bundle.min.css]
[www.limlondon.com/course.html]
[player.vimeo.com/api/player.js]
[cdnjs.cloudflare.com/ajax/libs/gsap/3.11.2/gsap.min.js]
[www.limlondon.com/about.html]
[cdnjs.cloudflare.com/ajax/libs/gsap/3.11.2/ScrollTrigger.min.js]
[www.limlondon.com/post/how-to-saturation.html]
[cdn.prod.website-files.com/64956292052e260635e7696a/65b8bbff5f6498d2b661fe05_Lim - 01 Studer Tape.png]
[www.limlondon.com/post/understanding-compression-your-lim-guide-to-simple-dynamics.html]
[cdn.prod.website-files.com/64956292052e260635e7696a/6560cee1aba16a07a0360e08_Lim - Intro.png]
[www.limlondon.com/blog.html]
[www.limlondon.com/contact-us.html]
[www.limlondon.com/schema.org/index.html]
[cdn.jsdelivr.net/npm/@finsweet/attributes-socialshare@1/socialshare.js]
[cdn.prod.website-files.com/64956292052e260635e7696a/6560cbfcb085045d691659df_Lim - Ratio.png]
[cdn.prod.website-files.com/64956292052e260635e7696a/65b8bde7279e920696b7d097_Lim - 03 Harmonics.png]
[cdn.prod.website-files.com/64956292052e260635e7696a/65b8be1ff10a609329b419cf_Lim - 04 Saturation Knob.png]
[cdn.prod.website-files.com/64956292052e260635e7696a/65b8be48cffb8f24bc4c0858_Lim - 05 Voxengo Tube Amp.png]
[cdn.prod.website-files.com/64956292052e260635e7696a/65b8be639d6694c6bed77b80_Lim - 06 Ableton Saturator.png]
[www.limlondon.com/post/how-to-saturation.html]
[cdn.prod.website-files.com/64956292052e260635e7696a/6560c74e20792ba7b8b5a676_Lim - Dynamic Range.png]
[cdn.prod.website-files.com/64956292052e260635e7696a/6560c7cf5aa040b16cc90c99_LimL-29.png]
[cdn.prod.website-files.com/64956292052e260635e7696a/6560c836257bdb5874d8a395_LimL-30.png]
[cdn.prod.website-files.com/64956292052e260635e7696a/6560c96a5aa040b16cca6ed4_Lim - Attack.png]
[cdn.prod.website-files.com/64956292052e260635e7696a/6560c9aad1c2cd264ce3d7de_Lim - Release.png]
[cdn.prod.website-files.com/64956292052e260635e7696a/6560c9fbe597512253a76911_LimL-34 copy.png]
[cdn.prod.website-files.com/64956292052e260635e7696a/6560caca9bba6e1d7b91587e_LimL-34.png]
[cdn.prod.website-files.com/64956292052e260635e7696a/6560cc3e239fb891be8a437d_Lim - Knee.png]
[cdn.prod.website-files.com/64956292052e260635e7696a/6560cca5c1a96206fa88022f_Lim - Make Up Gain 02.png]
[cdn.prod.website-files.com/64956292052e260635e7696a/6560cd4b961291ab04da5fd5_Lim - Fairchild.jpg]
[cdn.prod.website-files.com/64956292052e260635e7696a/6560cdcbc6d21f42885da6a7_Lim - LA2A.jpg]
[cdn.prod.website-files.com/64956292052e260635e7696a/6560c04564cab4a06a772ebe_Lim - 1176.jpg]
[cdn.prod.website-files.com/64956292052e260635e7696a/6560ce26a25d6b6bb5dc8265_Lim - SSL G-Bus.jpg]
[www.limlondon.com/post/understanding-compression-your-lim-guide-to-simple-dynamics.html]
[www.limlondon.com/a.html]
[www.limlondon.com/POST.html]
[www.limlondon.com/b.html]
[www.limlondon.com/signals/iwl.html]
[www.limlondon.com/schema.html]
